
> saas-sites-for-business@0.1.0 build
> prisma generate && next build

Prisma schema loaded from prisma\schema.prisma

Ô£ö Generated Prisma Client (v5.22.0) to .\node_modules\@prisma\client in 56ms

Start by importing your Prisma Client (See: https://pris.ly/d/importing-client)

Tip: Want to turn off tips and other hints? https://pris.ly/tip-4-nohints

  Ôû▓ Next.js 14.2.35
  - Environments: .env.local

   Creating an optimized production build ...
node.exe : Failed to compile.
No linha:1 caractere:1
+ & "C:\Program Files\nodejs/node.exe" "C:\Program Files\nodejs/node_mo ...
+ ~~~~~~~~~~~~~~~~~~~~~~~~~~~~~~~~~~~~~~~~~~~~~~~~~~~~~~~~~~~~~~~~~~~~~
    + CategoryInfo          : NotSpecified: (Failed to compile.:String) [], RemoteException
    + FullyQualifiedErrorId : NativeCommandError
 

./src/lib/ai-generator.ts
Error: 
  [31mx[0m Return statement is not allowed here
     ,-[[36;1;4mC:\Users\alerrandro\Pictures\1M\gerador-site-teste\src\lib\ai-generator.ts[0m:245:1]
 [2m245[0m |       // If no API key, return template-based with insights
 [2m246[0m |       // (AI enhancement will be added when API key is available)
 [2m247[0m |       if (!apiKey) {
 [2m248[0m | [31;1m,[0m[31;1m-[0m[31;1m>[0m     return {
 [2m249[0m | [31;1m|[0m         title: businessDetails.name,
 [2m250[0m | [31;1m|[0m         slug: createSlug(businessDetails.name),
 [2m251[0m | [31;1m|[0m         metaDescription: `Site profissional para ${businessDetails.name} - 
${nicheProposal.solution}`,
 [2m252[0m | [31;1m|[0m         content: enhancedContent,
 [2m253[0m | [31;1m|[0m         designTokens: {
 [2m254[0m | [31;1m|[0m           colors: template.dribbbleInspiration,
 [2m255[0m | [31;1m|[0m           fonts: template.landbookStyle,
 [2m256[0m | [31;1m|[0m           layout: 'premium',
 [2m257[0m | [31;1m|[0m           dribbbleInspiration: template.dribbbleInspiration,
 [2m258[0m | [31;1m|[0m           landbookStyle: template.landbookStyle,
 [2m259[0m | [31;1m|[0m         },
 [2m260[0m | [31;1m|[0m         imageSlots: template.imageSlots || [],
 [2m261[0m | [31;1m|[0m         nicheProposal: {
 [2m262[0m | [31;1m|[0m           painPoint: nicheProposal.painPoint,
 [2m263[0m | [31;1m|[0m           solution: nicheProposal.solution,
 [2m264[0m | [31;1m|[0m           expectedOutcome: nicheProposal.expectedOutcome,
 [2m265[0m | [31;1m|[0m           growthModules: nicheProposal.growthModules
 [2m266[0m | [31;1m|[0m         }
 [2m267[0m | [31;1m`[0m[31;1m-[0m[31;1m>[0m     };
 [2m268[0m |       }
 [2m269[0m |     
 [2m269[0m |       // If API key exists, try AI enhancement
     `----

  [31mx[0m Return statement is not allowed here
     ,-[[36;1;4mC:\Users\alerrandro\Pictures\1M\gerador-site-teste\src\lib\ai-generator.ts[0m:313:1]
 [2m313[0m |         const data = await response.json();
 [2m314[0m |         const generated = JSON.parse(data.choices[0].message.content);
 [2m315[0m |     
 [2m316[0m | [31;1m,[0m[31;1m-[0m[31;1m>[0m     return {
 [2m317[0m | [31;1m|[0m         title: generated.title || businessDetails.name,
 [2m318[0m | [31;1m|[0m         slug: createSlug(businessDetails.name),
 [2m319[0m | [31;1m|[0m         metaDescription: generated.metaDescription || `${businessDetails.name} - 
${template.description}`,
 [2m320[0m | [31;1m|[0m         content: generated.content || enhancedContent,
 [2m321[0m | [31;1m|[0m         designTokens: {
 [2m322[0m | [31;1m|[0m           colors: generated.colors || template.colors,
 [2m323[0m | [31;1m|[0m           fonts: generated.fonts || template.fonts,
 [2m324[0m | [31;1m|[0m           layout: template.layout,
 [2m325[0m | [31;1m|[0m           dribbbleInspiration: template.dribbbleInspiration,
 [2m326[0m | [31;1m|[0m           landbookStyle: template.landbookStyle,
 [2m327[0m | [31;1m|[0m         },
 [2m328[0m | [31;1m|[0m         imageSlots: template.imageSlots,
 [2m329[0m | [31;1m`[0m[31;1m-[0m[31;1m>[0m     };
 [2m330[0m |       } catch (error) {
 [2m331[0m |         console.error('OpenAI generation failed, falling back to template:', error);
 [2m331[0m |         return {
     `----

  [31mx[0m Return statement is not allowed here
     ,-[[36;1;4mC:\Users\alerrandro\Pictures\1M\gerador-site-teste\src\lib\ai-generator.ts[0m:329:1]
 [2m329[0m |         };
 [2m330[0m |       } catch (error) {
 [2m331[0m |         console.error('OpenAI generation failed, falling back to template:', error);
 [2m332[0m | [31;1m,[0m[31;1m-[0m[31;1m>[0m     return {
 [2m333[0m | [31;1m|[0m         title: businessDetails.name,
 [2m334[0m | [31;1m|[0m         slug: createSlug(businessDetails.name),
 [2m335[0m | [31;1m|[0m         metaDescription: `${businessDetails.name} - ${template.description}. 
${insights.objectives?.primary || 'Agende online!'}`,
 [2m336[0m | [31;1m|[0m         content: enhancedContent,
 [2m337[0m | [31;1m|[0m         designTokens: {
 [2m338[0m | [31;1m|[0m           colors: template.colors,
 [2m339[0m | [31;1m|[0m           fonts: template.fonts,
 [2m340[0m | [31;1m|[0m           layout: template.layout,
 [2m341[0m | [31;1m|[0m           dribbbleInspiration: template.dribbbleInspiration,
 [2m342[0m | [31;1m|[0m           landbookStyle: template.landbookStyle,
 [2m343[0m | [31;1m|[0m         },
 [2m344[0m | [31;1m|[0m         imageSlots: template.imageSlots,
 [2m345[0m | [31;1m`[0m[31;1m-[0m[31;1m>[0m     };
 [2m346[0m |       }
 [2m347[0m |     }
 [2m347[0m |     
     `----

  [31mx[0m Expression expected
     ,-[[36;1;4mC:\Users\alerrandro\Pictures\1M\gerador-site-teste\src\lib\ai-generator.ts[0m:344:1]
 [2m344[0m |       imageSlots: template.imageSlots,
 [2m345[0m |     };
 [2m346[0m |   }
 [2m347[0m | }
     : [31;1m^[0m
 [2m348[0m | 
 [2m349[0m | // Generate base content from template
 [2m349[0m | function generateBaseContent(template: SiteTemplate, details: BusinessDetails): any {
     `----

Caused by:
    Syntax Error

Import trace for requested module:
./src/lib/ai-generator.ts
./src/app/api/sites/create/route.ts


> Build failed because of webpack errors
